// Jest Snapshot v1, https://goo.gl/fbAQLP

exports[`Home should match snapshot 1`] = `
Array [
  <RCTSafeAreaView
    emulateUnlessSupported={true}
    style={
      Object {
        "backgroundColor": "#000000",
        "flex": 1,
        "padding": 10,
      }
    }
  >
    <RCTScrollView
      contentContainerStyle={
        Object {
          "flexDirection": "row",
          "flexWrap": "wrap",
          "justifyContent": "center",
        }
      }
      onScroll={[Function]}
    >
      <View>
        <View
          accessible={true}
          focusable={true}
          onClick={[Function]}
          onResponderGrant={[Function]}
          onResponderMove={[Function]}
          onResponderRelease={[Function]}
          onResponderTerminate={[Function]}
          onResponderTerminationRequest={[Function]}
          onStartShouldSetResponder={[Function]}
          style={
            Object {
              "borderRadius": 10,
              "margin": 5,
              "opacity": 1,
            }
          }
        >
          <View
            style={
              Array [
                Object {
                  "overflow": "hidden",
                },
                Object {
                  "backgroundColor": "#FFFFFF",
                  "borderRadius": 10,
                  "height": 150,
                  "width": 150,
                },
              ]
            }
          >
            <FastImageView
              resizeMode="cover"
              source={
                Object {
                  "cache": "immutable",
                  "priority": "normal",
                  "uri": "https://picsum.photos/id/1/5616/3744",
                }
              }
              style={
                Object {
                  "bottom": 0,
                  "left": 0,
                  "position": "absolute",
                  "right": 0,
                  "top": 0,
                }
              }
            />
          </View>
        </View>
        <View
          accessible={true}
          focusable={true}
          onClick={[Function]}
          onResponderGrant={[Function]}
          onResponderMove={[Function]}
          onResponderRelease={[Function]}
          onResponderTerminate={[Function]}
          onResponderTerminationRequest={[Function]}
          onStartShouldSetResponder={[Function]}
          style={
            Object {
              "borderRadius": 10,
              "margin": 5,
              "opacity": 1,
            }
          }
        >
          <View
            style={
              Array [
                Object {
                  "overflow": "hidden",
                },
                Object {
                  "backgroundColor": "#FFFFFF",
                  "borderRadius": 10,
                  "height": 150,
                  "width": 150,
                },
              ]
            }
          >
            <FastImageView
              resizeMode="cover"
              source={
                Object {
                  "cache": "immutable",
                  "priority": "normal",
                  "uri": "https://picsum.photos/id/10/2500/1667",
                }
              }
              style={
                Object {
                  "bottom": 0,
                  "left": 0,
                  "position": "absolute",
                  "right": 0,
                  "top": 0,
                }
              }
            />
          </View>
        </View>
        <View
          accessible={true}
          focusable={true}
          onClick={[Function]}
          onResponderGrant={[Function]}
          onResponderMove={[Function]}
          onResponderRelease={[Function]}
          onResponderTerminate={[Function]}
          onResponderTerminationRequest={[Function]}
          onStartShouldSetResponder={[Function]}
          style={
            Object {
              "borderRadius": 10,
              "margin": 5,
              "opacity": 1,
            }
          }
        >
          <View
            style={
              Array [
                Object {
                  "overflow": "hidden",
                },
                Object {
                  "backgroundColor": "#FFFFFF",
                  "borderRadius": 10,
                  "height": 150,
                  "width": 150,
                },
              ]
            }
          >
            <FastImageView
              resizeMode="cover"
              source={
                Object {
                  "cache": "immutable",
                  "priority": "normal",
                  "uri": "https://picsum.photos/id/100/2500/1656",
                }
              }
              style={
                Object {
                  "bottom": 0,
                  "left": 0,
                  "position": "absolute",
                  "right": 0,
                  "top": 0,
                }
              }
            />
          </View>
        </View>
      </View>
    </RCTScrollView>
  </RCTSafeAreaView>,
  ",",
]
`;
